
[39m-[0m [39m-[0m [39m-[0m [39m-[0m [39m-[0m 
[39m-[0m [39m-[0m [39m-[0m [39m-[0m [39m-[0m 
[39m-[0m [39m-[0m [39m-[0m [39m-[0m [39m-[0m 
[39m-[0m [39m-[0m [39m-[0m [39m-[0m [39m-[0m 
[39m-[0m [39m-[0m [39m-[0m [39m-[0m [39m-[0m 
[39m-[0m [39m-[0m [39m-[0m [39m-[0m [39m-[0m 


[39mA[0m [39mB[0m [39mC[0m [39mD[0m [39mE[0m [39mF[0m [39mG[0m
[39mH[0m [39mI[0m [39mJ[0m [39mK[0m [39mL[0m [39mM[0m [39mN[0m
[39mO[0m [39mP[0m [39mQ[0m [39mR[0m [39mS[0m [39mT[0m [39mU[0m
[39mV[0m [39mW[0m [39mX[0m [39mY[0m [39mZ[0m

Enter a 5 letter word:

[39mT[0m [39mR[0m [39mU[0m [39mN[0m [39mK[0m 
[39m-[0m [39m-[0m [39m-[0m [39m-[0m [39m-[0m 
[39m-[0m [39m-[0m [39m-[0m [39m-[0m [39m-[0m 
[39m-[0m [39m-[0m [39m-[0m [39m-[0m [39m-[0m 
[39m-[0m [39m-[0m [39m-[0m [39m-[0m [39m-[0m 
[39m-[0m [39m-[0m [39m-[0m [39m-[0m [39m-[0m 


are you sure? (y/n) 
[39m-[0m [39m-[0m [39m-[0m [39m-[0m [39m-[0m 
[39m-[0m [39m-[0m [39m-[0m [39m-[0m [39m-[0m 
[39m-[0m [39m-[0m [39m-[0m [39m-[0m [39m-[0m 
[39m-[0m [39m-[0m [39m-[0m [39m-[0m [39m-[0m 
[39m-[0m [39m-[0m [39m-[0m [39m-[0m [39m-[0m 
[39m-[0m [39m-[0m [39m-[0m [39m-[0m [39m-[0m 


[39mA[0m [39mB[0m [39mC[0m [39mD[0m [39mE[0m [39mF[0m [39mG[0m
[39mH[0m [39mI[0m [39mJ[0m [39mK[0m [39mL[0m [39mM[0m [39mN[0m
[39mO[0m [39mP[0m [39mQ[0m [39mR[0m [39mS[0m [39mT[0m [39mU[0m
[39mV[0m [39mW[0m [39mX[0m [39mY[0m [39mZ[0m

Enter a 5 letter word:

[39mP[0m [39mA[0m [39mI[0m [39mL[0m [39mS[0m 
[39m-[0m [39m-[0m [39m-[0m [39m-[0m [39m-[0m 
[39m-[0m [39m-[0m [39m-[0m [39m-[0m [39m-[0m 
[39m-[0m [39m-[0m [39m-[0m [39m-[0m [39m-[0m 
[39m-[0m [39m-[0m [39m-[0m [39m-[0m [39m-[0m 
[39m-[0m [39m-[0m [39m-[0m [39m-[0m [39m-[0m 


are you sure? (y/n) 
[34mP[0m [34mA[0m [31mI[0m [32mL[0m [31mS[0m 
[39m-[0m [39m-[0m [39m-[0m [39m-[0m [39m-[0m 
[39m-[0m [39m-[0m [39m-[0m [39m-[0m [39m-[0m 
[39m-[0m [39m-[0m [39m-[0m [39m-[0m [39m-[0m 
[39m-[0m [39m-[0m [39m-[0m [39m-[0m [39m-[0m 
[39m-[0m [39m-[0m [39m-[0m [39m-[0m [39m-[0m 


[34mA[0m [39mB[0m [39mC[0m [39mD[0m [39mE[0m [39mF[0m [39mG[0m
[39mH[0m [31mI[0m [39mJ[0m [39mK[0m [32mL[0m [39mM[0m [39mN[0m
[39mO[0m [34mP[0m [39mQ[0m [39mR[0m [31mS[0m [39mT[0m [39mU[0m
[39mV[0m [39mW[0m [39mX[0m [39mY[0m [39mZ[0m

Enter a 5 letter word:

[34mP[0m [34mA[0m [31mI[0m [32mL[0m [31mS[0m 
[39mA[0m [39mP[0m [39mP[0m [39mL[0m [39mE[0m 
[39m-[0m [39m-[0m [39m-[0m [39m-[0m [39m-[0m 
[39m-[0m [39m-[0m [39m-[0m [39m-[0m [39m-[0m 
[39m-[0m [39m-[0m [39m-[0m [39m-[0m [39m-[0m 
[39m-[0m [39m-[0m [39m-[0m [39m-[0m [39m-[0m 


are you sure? (y/n) you got it!

[34mP[0m [34mA[0m [31mI[0m [32mL[0m [31mS[0m 
[32mA[0m [32mP[0m [32mP[0m [32mL[0m [32mE[0m 
[39m-[0m [39m-[0m [39m-[0m [39m-[0m [39m-[0m 
[39m-[0m [39m-[0m [39m-[0m [39m-[0m [39m-[0m 
[39m-[0m [39m-[0m [39m-[0m [39m-[0m [39m-[0m 
[39m-[0m [39m-[0m [39m-[0m [39m-[0m [39m-[0m 


[32mA[0m [39mB[0m [39mC[0m [39mD[0m [32mE[0m [39mF[0m [39mG[0m
[39mH[0m [31mI[0m [39mJ[0m [39mK[0m [32mL[0m [39mM[0m [39mN[0m
[39mO[0m [32mP[0m [39mQ[0m [39mR[0m [31mS[0m [39mT[0m [39mU[0m
[39mV[0m [39mW[0m [39mX[0m [39mY[0m [39mZ[0m

nice job!
