
[39m-[0m [39m-[0m [39m-[0m [39m-[0m [39m-[0m 
[39m-[0m [39m-[0m [39m-[0m [39m-[0m [39m-[0m 
[39m-[0m [39m-[0m [39m-[0m [39m-[0m [39m-[0m 
[39m-[0m [39m-[0m [39m-[0m [39m-[0m [39m-[0m 
[39m-[0m [39m-[0m [39m-[0m [39m-[0m [39m-[0m 
[39m-[0m [39m-[0m [39m-[0m [39m-[0m [39m-[0m 


[39mA[0m [39mB[0m [39mC[0m [39mD[0m [39mE[0m [39mF[0m [39mG[0m
[39mH[0m [39mI[0m [39mJ[0m [39mK[0m [39mL[0m [39mM[0m [39mN[0m
[39mO[0m [39mP[0m [39mQ[0m [39mR[0m [39mS[0m [39mT[0m [39mU[0m
[39mV[0m [39mW[0m [39mX[0m [39mY[0m [39mZ[0m

Enter a 5 letter word:

[39mT[0m [39mR[0m [39mU[0m [39mN[0m [39mK[0m 
[39m-[0m [39m-[0m [39m-[0m [39m-[0m [39m-[0m 
[39m-[0m [39m-[0m [39m-[0m [39m-[0m [39m-[0m 
[39m-[0m [39m-[0m [39m-[0m [39m-[0m [39m-[0m 
[39m-[0m [39m-[0m [39m-[0m [39m-[0m [39m-[0m 
[39m-[0m [39m-[0m [39m-[0m [39m-[0m [39m-[0m 


are you sure? (y/n) 
[31mT[0m [31mR[0m [31mU[0m [31mN[0m [31mK[0m 
[39m-[0m [39m-[0m [39m-[0m [39m-[0m [39m-[0m 
[39m-[0m [39m-[0m [39m-[0m [39m-[0m [39m-[0m 
[39m-[0m [39m-[0m [39m-[0m [39m-[0m [39m-[0m 
[39m-[0m [39m-[0m [39m-[0m [39m-[0m [39m-[0m 
[39m-[0m [39m-[0m [39m-[0m [39m-[0m [39m-[0m 


[39mA[0m [39mB[0m [39mC[0m [39mD[0m [39mE[0m [39mF[0m [39mG[0m
[39mH[0m [39mI[0m [39mJ[0m [31mK[0m [39mL[0m [39mM[0m [31mN[0m
[39mO[0m [39mP[0m [39mQ[0m [31mR[0m [39mS[0m [31mT[0m [31mU[0m
[39mV[0m [39mW[0m [39mX[0m [39mY[0m [39mZ[0m

Enter a 5 letter word:

[31mT[0m [31mR[0m [31mU[0m [31mN[0m [31mK[0m 
[39mT[0m [39mR[0m [39mU[0m [39mN[0m [39mK[0m 
[39m-[0m [39m-[0m [39m-[0m [39m-[0m [39m-[0m 
[39m-[0m [39m-[0m [39m-[0m [39m-[0m [39m-[0m 
[39m-[0m [39m-[0m [39m-[0m [39m-[0m [39m-[0m 
[39m-[0m [39m-[0m [39m-[0m [39m-[0m [39m-[0m 


are you sure? (y/n) 
[31mT[0m [31mR[0m [31mU[0m [31mN[0m [31mK[0m 
[31mT[0m [31mR[0m [31mU[0m [31mN[0m [31mK[0m 
[39m-[0m [39m-[0m [39m-[0m [39m-[0m [39m-[0m 
[39m-[0m [39m-[0m [39m-[0m [39m-[0m [39m-[0m 
[39m-[0m [39m-[0m [39m-[0m [39m-[0m [39m-[0m 
[39m-[0m [39m-[0m [39m-[0m [39m-[0m [39m-[0m 


[39mA[0m [39mB[0m [39mC[0m [39mD[0m [39mE[0m [39mF[0m [39mG[0m
[39mH[0m [39mI[0m [39mJ[0m [31mK[0m [39mL[0m [39mM[0m [31mN[0m
[39mO[0m [39mP[0m [39mQ[0m [31mR[0m [39mS[0m [31mT[0m [31mU[0m
[39mV[0m [39mW[0m [39mX[0m [39mY[0m [39mZ[0m

Enter a 5 letter word:

[31mT[0m [31mR[0m [31mU[0m [31mN[0m [31mK[0m 
[31mT[0m [31mR[0m [31mU[0m [31mN[0m [31mK[0m 
[39mT[0m [39mR[0m [39mU[0m [39mN[0m [39mK[0m 
[39m-[0m [39m-[0m [39m-[0m [39m-[0m [39m-[0m 
[39m-[0m [39m-[0m [39m-[0m [39m-[0m [39m-[0m 
[39m-[0m [39m-[0m [39m-[0m [39m-[0m [39m-[0m 


are you sure? (y/n) 
[31mT[0m [31mR[0m [31mU[0m [31mN[0m [31mK[0m 
[31mT[0m [31mR[0m [31mU[0m [31mN[0m [31mK[0m 
[31mT[0m [31mR[0m [31mU[0m [31mN[0m [31mK[0m 
[39m-[0m [39m-[0m [39m-[0m [39m-[0m [39m-[0m 
[39m-[0m [39m-[0m [39m-[0m [39m-[0m [39m-[0m 
[39m-[0m [39m-[0m [39m-[0m [39m-[0m [39m-[0m 


[39mA[0m [39mB[0m [39mC[0m [39mD[0m [39mE[0m [39mF[0m [39mG[0m
[39mH[0m [39mI[0m [39mJ[0m [31mK[0m [39mL[0m [39mM[0m [31mN[0m
[39mO[0m [39mP[0m [39mQ[0m [31mR[0m [39mS[0m [31mT[0m [31mU[0m
[39mV[0m [39mW[0m [39mX[0m [39mY[0m [39mZ[0m

Enter a 5 letter word:

[31mT[0m [31mR[0m [31mU[0m [31mN[0m [31mK[0m 
[31mT[0m [31mR[0m [31mU[0m [31mN[0m [31mK[0m 
[31mT[0m [31mR[0m [31mU[0m [31mN[0m [31mK[0m 
[39mT[0m [39mR[0m [39mU[0m [39mN[0m [39mK[0m 
[39m-[0m [39m-[0m [39m-[0m [39m-[0m [39m-[0m 
[39m-[0m [39m-[0m [39m-[0m [39m-[0m [39m-[0m 


are you sure? (y/n) 
[31mT[0m [31mR[0m [31mU[0m [31mN[0m [31mK[0m 
[31mT[0m [31mR[0m [31mU[0m [31mN[0m [31mK[0m 
[31mT[0m [31mR[0m [31mU[0m [31mN[0m [31mK[0m 
[31mT[0m [31mR[0m [31mU[0m [31mN[0m [31mK[0m 
[39m-[0m [39m-[0m [39m-[0m [39m-[0m [39m-[0m 
[39m-[0m [39m-[0m [39m-[0m [39m-[0m [39m-[0m 


[39mA[0m [39mB[0m [39mC[0m [39mD[0m [39mE[0m [39mF[0m [39mG[0m
[39mH[0m [39mI[0m [39mJ[0m [31mK[0m [39mL[0m [39mM[0m [31mN[0m
[39mO[0m [39mP[0m [39mQ[0m [31mR[0m [39mS[0m [31mT[0m [31mU[0m
[39mV[0m [39mW[0m [39mX[0m [39mY[0m [39mZ[0m

Enter a 5 letter word:

[31mT[0m [31mR[0m [31mU[0m [31mN[0m [31mK[0m 
[31mT[0m [31mR[0m [31mU[0m [31mN[0m [31mK[0m 
[31mT[0m [31mR[0m [31mU[0m [31mN[0m [31mK[0m 
[31mT[0m [31mR[0m [31mU[0m [31mN[0m [31mK[0m 
[39mT[0m [39mR[0m [39mU[0m [39mN[0m [39mK[0m 
[39m-[0m [39m-[0m [39m-[0m [39m-[0m [39m-[0m 


are you sure? (y/n) 
[31mT[0m [31mR[0m [31mU[0m [31mN[0m [31mK[0m 
[31mT[0m [31mR[0m [31mU[0m [31mN[0m [31mK[0m 
[31mT[0m [31mR[0m [31mU[0m [31mN[0m [31mK[0m 
[31mT[0m [31mR[0m [31mU[0m [31mN[0m [31mK[0m 
[31mT[0m [31mR[0m [31mU[0m [31mN[0m [31mK[0m 
[39m-[0m [39m-[0m [39m-[0m [39m-[0m [39m-[0m 


[39mA[0m [39mB[0m [39mC[0m [39mD[0m [39mE[0m [39mF[0m [39mG[0m
[39mH[0m [39mI[0m [39mJ[0m [31mK[0m [39mL[0m [39mM[0m [31mN[0m
[39mO[0m [39mP[0m [39mQ[0m [31mR[0m [39mS[0m [31mT[0m [31mU[0m
[39mV[0m [39mW[0m [39mX[0m [39mY[0m [39mZ[0m

Enter a 5 letter word:

[31mT[0m [31mR[0m [31mU[0m [31mN[0m [31mK[0m 
[31mT[0m [31mR[0m [31mU[0m [31mN[0m [31mK[0m 
[31mT[0m [31mR[0m [31mU[0m [31mN[0m [31mK[0m 
[31mT[0m [31mR[0m [31mU[0m [31mN[0m [31mK[0m 
[31mT[0m [31mR[0m [31mU[0m [31mN[0m [31mK[0m 
[39mT[0m [39mR[0m [39mU[0m [39mN[0m [39mK[0m 


are you sure? (y/n) 
[31mT[0m [31mR[0m [31mU[0m [31mN[0m [31mK[0m 
[31mT[0m [31mR[0m [31mU[0m [31mN[0m [31mK[0m 
[31mT[0m [31mR[0m [31mU[0m [31mN[0m [31mK[0m 
[31mT[0m [31mR[0m [31mU[0m [31mN[0m [31mK[0m 
[31mT[0m [31mR[0m [31mU[0m [31mN[0m [31mK[0m 
[31mT[0m [31mR[0m [31mU[0m [31mN[0m [31mK[0m 


[39mA[0m [39mB[0m [39mC[0m [39mD[0m [39mE[0m [39mF[0m [39mG[0m
[39mH[0m [39mI[0m [39mJ[0m [31mK[0m [39mL[0m [39mM[0m [31mN[0m
[39mO[0m [39mP[0m [39mQ[0m [31mR[0m [39mS[0m [31mT[0m [31mU[0m
[39mV[0m [39mW[0m [39mX[0m [39mY[0m [39mZ[0m

better luck next time! Word was: APPLE
